ASxxxx Linker V03.00 + NoICE + sdld,  page 1.
Hexadecimal  [32-Bits]

Area                                    Addr        Size        Decimal Bytes (Attributes)
--------------------------------        ----        ----        ------- ----- ------------
.  .ABS.                            00000000    00000000 =           0. bytes (ABS,CON)

      Value  Global                              Global Defined In Module
      -----  --------------------------------   ------------------------
     00000000  .__.ABS.                           cpct_video
     00000000  l__CABS                         
     00000000  l__DABS                         
     00000000  l__DATA                         
     00000000  l__GSFINAL                      
     00000000  l__GSINIT                       
     00000000  l__HOME                         
     00000000  l__INITIALIZED                  
     00000000  l__INITIALIZER                  
     00000000  s__CABS                         
     00000000  s__DABS                         
     0000023F  l__CODE                         
     00004000  s__CODE                         
     0000423F  s__DATA                         
     0000423F  s__GSFINAL                      
     0000423F  s__GSINIT                       
     0000423F  s__HOME                         
     0000423F  s__INITIALIZED                  
     0000423F  s__INITIALIZER                  

ASxxxx Linker V03.00 + NoICE + sdld,  page 2.
Hexadecimal  [32-Bits]

Area                                    Addr        Size        Decimal Bytes (Attributes)
--------------------------------        ----        ----        ------- ----- ------------
_CODE                               00004000    0000023F =         575. bytes (REL,CON)

      Value  Global                              Global Defined In Module
      -----  --------------------------------   ------------------------
     00004000  _sp_enemy_ship                     bad_ship
     000040C0  _sp_player_ship                    my_ship
     00004114  _g_palette                         g_palette
     00004124  _main                              cpct_keyboard
     00004152  cpct_setPalette_asm                cpct_video
     00004165  cpct_setPALColour_asm              cpct_video
     0000416F  cpct_drawSprite_asm                cpct_sprites
     0000420F  cpct_setVideoMode_asm              cpct_video
     0000421C  _cpct_disableFirmware              cpct_firmware
     0000421C  _cpct_removeInterruptHandler       cpct_firmware
     0000421C  cpct_disableFirmware_asm           cpct_firmware
     0000421C  cpct_removeInterruptHandler_asm    cpct_firmware
     0000422C  _cpct_mode_rom_status              cpct_firmware
     0000422D  cpct_getScreenPtr_asm              cpct_video

ASxxxx Linker V03.00 + NoICE + sdld,  page 3.

Files Linked                              [ module(s) ]

obj/sprites/bad_ship.rel                  [ bad_ship ]
obj/sprites/my_ship.rel                   [ my_ship ]
obj/sprites/g_palette.rel                 [ g_palette ]
obj/main.rel                              [ cpct_keyboard ]


Libraries Linked                          [ object file ]

/home/cpc/cpctelera/cpctelera/cpctelera.lib
                                          [ cpct_setPalette_asmbindings.rel ]
/home/cpc/cpctelera/cpctelera/cpctelera.lib
                                          [ cpct_setPALColour_asmbindings.re ]
/home/cpc/cpctelera/cpctelera/cpctelera.lib
                                          [ cpct_drawSprite_asmbindings.rel ]
/home/cpc/cpctelera/cpctelera/cpctelera.lib
                                          [ cpct_setVideoMode_asmbindings.re ]
/home/cpc/cpctelera/cpctelera/cpctelera.lib
                                          [ cpct_removeInterruptHandler.rel ]
/home/cpc/cpctelera/cpctelera/cpctelera.lib
                                          [ cpc_mode_rom_status.rel ]
/home/cpc/cpctelera/cpctelera/cpctelera.lib
                                          [ cpct_getScreenPtr_asmbindings.re ]

ASxxxx Linker V03.00 + NoICE + sdld,  page 4.

User Base Address Definitions

_CODE = 0x4000
_DATA = 0x0000

