ASxxxx Linker V03.00 + NoICE + sdld,  page 1.
Hexadecimal  [32-Bits]

Area                                    Addr        Size        Decimal Bytes (Attributes)
--------------------------------        ----        ----        ------- ----- ------------
.  .ABS.                            00000000    00000000 =           0. bytes (ABS,CON)

      Value  Global                              Global Defined In Module
      -----  --------------------------------   ------------------------
     00000000  .__.ABS.                           cpct_keyboard
     00000000  l__CABS                         
     00000000  l__DABS                         
     00000000  l__DATA                         
     00000000  l__GSFINAL                      
     00000000  l__GSINIT                       
     00000000  l__HOME                         
     00000000  l__INITIALIZED                  
     00000000  l__INITIALIZER                  
     00000000  s__CABS                         
     00000000  s__DABS                         
     00000423  l__CODE                         
     00004000  s__CODE                         
     00004423  s__DATA                         
     00004423  s__GSFINAL                      
     00004423  s__GSINIT                       
     00004423  s__HOME                         
     00004423  s__INITIALIZED                  
     00004423  s__INITIALIZER                  

ASxxxx Linker V03.00 + NoICE + sdld,  page 2.
Hexadecimal  [32-Bits]

Area                                    Addr        Size        Decimal Bytes (Attributes)
--------------------------------        ----        ----        ------- ----- ------------
_CODE                               00004000    00000423 =        1059. bytes (REL,CON)

      Value  Global                              Global Defined In Module
      -----  --------------------------------   ------------------------
     00004000  _sp_bullet                         bullet
     00004008  _sp_enemy_ship                     bad_ship
     000040D8  _sp_player_ship                    my_ship
     0000412C  _g_palette                         g_palette
     000041A0  _main                              cpct_keyboard
     00004244  cpct_setPalette_asm                cpct_video
     00004257  _cpct_isKeyPressed                 cpct_keyboard
     00004257  cpct_isKeyPressed_asm              cpct_keyboard
     00004263  cpct_setPALColour_asm              cpct_video
     0000426D  cpct_drawSprite_asm                cpct_sprites
     0000430D  _cpct_keyboardStatusBuffer         cpct_keyboard
     00004317  cpct_setVideoMode_asm              cpct_video
     00004324  _cpct_waitVSYNC                    cpct_video
     00004324  cpct_waitVSYNC_asm                 cpct_video
     0000432C  _cpct_disableFirmware              cpct_firmware
     0000432C  _cpct_removeInterruptHandler       cpct_firmware
     0000432C  cpct_disableFirmware_asm           cpct_firmware
     0000432C  cpct_removeInterruptHandler_asm    cpct_firmware
     0000433C  cpct_drawSolidBox_asm              cpct_sprites
     000043DF  _cpct_mode_rom_status              cpct_firmware
     000043E0  cpct_getScreenPtr_asm              cpct_video
     000043F2  _cpct_scanKeyboard                 cpct_keyboard
     000043F2  cpct_scanKeyboard_asm              cpct_keyboard

ASxxxx Linker V03.00 + NoICE + sdld,  page 3.

Files Linked                              [ module(s) ]

obj/sprites/bullet.rel                    [ bullet ]
obj/sprites/bad_ship.rel                  [ bad_ship ]
obj/sprites/my_ship.rel                   [ my_ship ]
obj/sprites/g_palette.rel                 [ g_palette ]
obj/main.rel                              [ cpct_keyboard ]


Libraries Linked                          [ object file ]

/home/cpc/cpctelera/cpctelera/cpctelera.lib
                                          [ cpct_setPalette_asmbindings.rel ]
/home/cpc/cpctelera/cpctelera/cpctelera.lib
                                          [ cpct_isKeyPressed.rel ]
/home/cpc/cpctelera/cpctelera/cpctelera.lib
                                          [ cpct_setPALColour_asmbindings.re ]
/home/cpc/cpctelera/cpctelera/cpctelera.lib
                                          [ cpct_drawSprite_asmbindings.rel ]
/home/cpc/cpctelera/cpctelera/cpctelera.lib
                                          [ keyboard.rel ]
/home/cpc/cpctelera/cpctelera/cpctelera.lib
                                          [ cpct_setVideoMode_asmbindings.re ]
/home/cpc/cpctelera/cpctelera/cpctelera.lib
                                          [ cpct_waitVSYNC.rel ]
/home/cpc/cpctelera/cpctelera/cpctelera.lib
                                          [ cpct_removeInterruptHandler.rel ]
/home/cpc/cpctelera/cpctelera/cpctelera.lib
                                          [ cpct_drawSolidBox_asmbindings.re ]
/home/cpc/cpctelera/cpctelera/cpctelera.lib
                                          [ cpc_mode_rom_status.rel ]
/home/cpc/cpctelera/cpctelera/cpctelera.lib
                                          [ cpct_getScreenPtr_asmbindings.re ]
/home/cpc/cpctelera/cpctelera/cpctelera.lib
                                          [ cpct_scanKeyboard.rel ]

ASxxxx Linker V03.00 + NoICE + sdld,  page 4.

User Base Address Definitions

_CODE = 0x4000
_DATA = 0x0000

